INFO: kbplacer_plugin_action.py:73: Plugin version: 0.19
INFO: kbplacer_plugin_action.py:74: Python version: '3.11.5 (main, Jan 23 2026, 07:39:48) [MSC v.1944 64 bit (AMD64)]'
INFO: kbplacer_plugin_action.py:75: KiCad version: 10.0.1 with 4.2.2 msw (phoenix) wxWidgets 3.3.2
INFO: kbplacer_dialog.py:799: Language: en
INFO: kbplacer_plugin_action.py:83: GUI state: {"layout_path": "D:\\Projects\\1. KEEB\\1800-122\\1800-122-KLE-DATA.json", "key_distance": [19.05, 19.05], "key_info": {"annotation_format": "K_{}", "position_option": "Default", "position": {"x": 0.0, "y": 0.0, "orientation": 0.0, "side": "Front"}, "template_path": "", "start_index": 1}, "enable_diode_placement": true, "route_switches_with_diodes": false, "optimize_diodes_orientation": false, "diode_info": {"annotation_format": "D{}", "position_option": "Preset", "position": null, "template_path": "D:\\Projects\\1. KEEB\\1800-122\\KiCad Projects\\V2\\kbplacer-preset\\kbplacer-preset.kicad_pcb", "start_index": -1}, "additional_elements": [{"annotation_format": "ST{}", "position_option": "Custom", "position": {"x": 0.0, "y": 0.0, "orientation": 0.0, "side": "Front"}, "template_path": "", "start_index": -1}], "route_rows_and_columns": false, "template_path": "", "generate_outline": false, "outline_delta": 0.0, "layout_offset": [88.915, 65.715]}
DEBUG: key_placer.py:153: Switches by nets: defaultdict(<class 'list'>, {frozenset({'col9', 'row0'}): ['K_9'], frozenset({'col18', 'row3'}): ['K_77'], frozenset({'col12', 'row0'}): ['K_12'], frozenset({'row2', 'col0'}): ['K_38'], frozenset({'col10', 'row4'}): ['K_90'], frozenset({'row2', 'col15'}): ['K_53'], frozenset({'col8', 'row1'}): ['K_26'], frozenset({'row4', 'col6'}): ['K_86'], frozenset({'row2', 'col7'}): ['K_45'], frozenset({'col3', 'row3'}): ['K_62'], frozenset({'col17', 'row1'}): ['K_35'], frozenset({'col2', 'row0'}): ['K_2'], frozenset({'col15', 'row0'}): ['K_15'], frozenset({'col14', 'row5'}): ['K_114'], frozenset({'col12', 'row5'}): ['K_112'], frozenset({'col7', 'row3'}): ['K_66'], frozenset({'row4', 'col16'}): ['K_96'], frozenset({'col14', 'row3'}): ['K_73'], frozenset({'row2', 'col2'}): ['K_40'], frozenset({'col20', 'row3'}): ['K_79'], frozenset({'col9', 'row5'}): ['K_109'], frozenset({'col13', 'row1'}): ['K_31'], frozenset({'col13', 'row4'}): ['K_93'], frozenset({'col9', 'row3'}): ['K_68'], frozenset({'col7', 'row0'}): ['K_7'], frozenset({'col6', 'row5'}): ['K_106'], frozenset({'col18', 'row1'}): ['K_36'], frozenset({'col8', 'row2'}): ['K_46'], frozenset({'col4', 'row4'}): ['K_84'], frozenset({'col18', 'row0'}): ['K_18'], frozenset({'row4', 'col3'}): ['K_83'], frozenset({'row1', 'col7'}): ['K_25'], frozenset({'row2', 'col10'}): ['K_48'], frozenset({'row2', 'col12'}): ['K_50'], frozenset({'col9', 'row4'}): ['K_89'], frozenset({'col14', 'row0'}): ['K_14'], frozenset({'col11', 'row0'}): ['K_11'], frozenset({'col0', 'row6'}): ['K_117'], frozenset({'row2', 'col3'}): ['K_41'], frozenset({'col11', 'row5'}): ['K_111'], frozenset({'row4', 'col15'}): ['K_95'], frozenset({'col13', 'row2'}): ['K_51'], frozenset({'col17', 'row0'}): ['K_17'], frozenset({'row2', 'col11'}): ['K_49'], frozenset({'col13', 'row6'}): ['K_124'], frozenset({'col1', 'row3'}): ['K_60'], frozenset({'col18', 'row4'}): ['K_97'], frozenset({'row2', 'col20'}): ['K_58'], frozenset({'row2', 'col6'}): ['K_44'], frozenset({'col8', 'row0'}): ['K_8'], frozenset({'row1', 'col16'}): ['K_34'], frozenset({'col13', 'row5'}): ['K_113'], frozenset({'row2', 'col14'}): ['K_52'], frozenset({'col4', 'row3'}): ['K_63'], frozenset({'row4', 'col20'}): ['K_99'], frozenset({'row3', 'col0'}): ['K_59'], frozenset({'col12', 'row3'}): ['K_71'], frozenset({'col4', 'row1'}): ['K_22'], frozenset({'row2', 'col9'}): ['K_47'], frozenset({'row5', 'unconnected-(K_105-COL-Pad1)'}): ['K_105'], frozenset({'col4', 'row0'}): ['K_4'], frozenset({'col15', 'row5'}): ['K_115'], frozenset({'col8', 'row4'}): ['K_88'], frozenset({'col19', 'row3'}): ['K_78'], frozenset({'row2', 'col16'}): ['K_54'], frozenset({'row4', 'col19'}): ['K_98'], frozenset({'col12', 'row1'}): ['K_30'], frozenset({'row1', 'col2'}): ['K_20'], frozenset({'row1', 'col6'}): ['K_24'], frozenset({'row1', 'col11'}): ['K_29'], frozenset({'row4', 'col11'}): ['K_91'], frozenset({'col17', 'row2'}): ['K_55'], frozenset({'row1', 'col19'}): ['K_37'], frozenset({'col6', 'row3'}): ['K_65'], frozenset({'row5', 'col0'}): ['K_100'], frozenset({'col16', 'row0'}): ['K_16'], frozenset({'col5', 'row6'}): ['K_120'], frozenset({'col18', 'row5'}): ['K_116'], frozenset({'col2', 'row5'}): ['K_102'], frozenset({'col7', 'row5'}): ['K_107'], frozenset({'col3', 'row5'}): ['K_103'], frozenset({'col10', 'row0'}): ['K_10'], frozenset({'col16', 'row3'}): ['K_75'], frozenset({'col10', 'row6'}): ['K_123'], frozenset({'col13', 'row3'}): ['K_72'], frozenset({'col13', 'row0'}): ['K_13'], frozenset({'col2', 'row3'}): ['K_61'], frozenset({'col8', 'row5'}): ['K_108'], frozenset({'row1', 'col15'}): ['K_33'], frozenset({'row1', 'col14'}): ['K_32'], frozenset({'col8', 'row3'}): ['K_67'], frozenset({'col9', 'row1'}): ['K_27'], frozenset({'row2', 'col18'}): ['K_56'], frozenset({'col15', 'row3'}): ['K_74'], frozenset({'col19', 'row6'}): ['K_127'], frozenset({'col4', 'row5'}): ['K_104'], frozenset({'col18', 'row6'}): ['K_126'], frozenset({'col3', 'row1'}): ['K_21'], frozenset({'row4', 'col2'}): ['K_82'], frozenset({'row0', 'col5'}): ['K_5'], frozenset({'row5', 'col1'}): ['K_101'], frozenset({'col6', 'row0'}): ['K_6'], frozenset({'col5', 'row3'}): ['K_64'], frozenset({'col3', 'row0'}): ['K_3'], frozenset({'row1', 'col5'}): ['K_23'], frozenset({'col4', 'row6'}): ['K_119'], frozenset({'col12', 'row4'}): ['K_92'], frozenset({'row0', 'col19'}): ['K_19'], frozenset({'col15', 'row6'}): ['K_125'], frozenset({'row4', 'col1'}): ['K_81'], frozenset({'col2', 'row6'}): ['K_118'], frozenset({'row4', 'col5'}): ['K_85'], frozenset({'row4', 'col7'}): ['K_87'], frozenset({'row4', 'col14'}): ['K_94'], frozenset({'row2', 'col1'}): ['K_39'], frozenset({'row0', 'col0'}): ['K_1'], frozenset({'row2', 'col5'}): ['K_43'], frozenset({'col7', 'row6'}): ['K_122'], frozenset({'row4', 'col0'}): ['K_80'], frozenset({'row2', 'col19'}): ['K_57'], frozenset({'col20', 'row6'}): ['K_128'], frozenset({'col10', 'row5'}): ['K_110'], frozenset({'col17', 'row3'}): ['K_76'], frozenset({'col11', 'row3'}): ['K_70'], frozenset({'col10', 'row1'}): ['K_28'], frozenset({'col6', 'row6'}): ['K_121'], frozenset({'col10', 'row3'}): ['K_69'], frozenset({'col4', 'row2'}): ['K_42']})
DEBUG: key_placer.py:157: Diodes by switch: {'K_25': ['D_25'], 'K_96': ['D_96'], 'K_101': ['D_101'], 'K_3': ['D_3'], 'K_16': ['D_16'], 'K_103': ['D_103'], 'K_113': ['D_113'], 'K_93': ['D_93'], 'K_102': ['D_102'], 'K_48': ['D_48'], 'K_1': ['D_1'], 'K_120': ['D_120'], 'K_89': ['D_89'], 'K_26': ['D_26'], 'K_128': ['D_128'], 'K_28': ['D_28'], 'K_112': ['D_112'], 'K_99': ['D_99'], 'K_19': ['D_19'], 'K_61': ['D_61'], 'K_109': ['D_109'], 'K_127': ['D_127'], 'K_104': ['D_104'], 'K_49': ['D_49'], 'K_31': ['D_31'], 'K_40': ['D_40'], 'K_4': ['D_4'], 'K_32': ['D_32'], 'K_123': ['D_123'], 'K_118': ['D_118'], 'K_24': ['D_24'], 'K_92': ['D_92'], 'K_107': ['D_107'], 'K_11': ['D_11'], 'K_2': ['D_2'], 'K_70': ['D_70'], 'K_95': ['D_95'], 'K_81': ['D_81'], 'K_10': ['D_10'], 'K_126': ['D_126'], 'K_79': ['D_79'], 'K_38': ['D_38'], 'K_54': ['D_54'], 'K_18': ['D_18'], 'K_60': ['D_60'], 'K_84': ['D_84'], 'K_106': ['D_106'], 'K_85': ['D_85'], 'K_12': ['D_12'], 'K_5': ['D_5'], 'K_78': ['D_78'], 'K_73': ['D_73'], 'K_108': ['D_108'], 'K_77': ['D_77'], 'K_14': ['D_14'], 'K_124': ['D_124'], 'K_122': ['D_122'], 'K_90': ['D_90'], 'K_46': ['D_46'], 'K_55': ['D_55'], 'K_91': ['D_91'], 'K_53': ['D_53'], 'K_33': ['D_33'], 'K_125': ['D_125'], 'K_114': ['D_114'], 'K_52': ['D_52'], 'K_121': ['D_121'], 'K_21': ['D_21'], 'K_117': ['D_117'], 'K_72': ['D_72'], 'K_34': ['D_34'], 'K_59': ['D_59'], 'K_50': ['D_50'], 'K_6': ['D_6'], 'K_41': ['D_41'], 'K_88': ['D_88'], 'K_63': ['D_63'], 'K_47': ['D_47'], 'K_57': ['D_57'], 'K_86': ['D_86'], 'K_37': ['D_37'], 'K_27': ['D_27'], 'K_119': ['D_119'], 'K_15': ['D_15'], 'K_83': ['D_83'], 'K_71': ['D_71'], 'K_64': ['D_64'], 'K_35': ['D_35'], 'K_76': ['D_76'], 'K_39': ['D_39'], 'K_8': ['D_8'], 'K_111': ['D_111'], 'K_22': ['D_22'], 'K_67': ['D_67'], 'K_13': ['D_13'], 'K_69': ['D_69'], 'K_43': ['D_43'], 'K_66': ['D_66'], 'K_115': ['D_115'], 'K_65': ['D_65'], 'K_116': ['D_116'], 'K_51': ['D_51'], 'K_42': ['D_42'], 'K_100': ['D_100'], 'K_80': ['D_80'], 'K_17': ['D_17'], 'K_44': ['D_44'], 'K_87': ['D_87'], 'K_58': ['D_58'], 'K_82': ['D_82'], 'K_74': ['D_74'], 'K_62': ['D_62'], 'K_97': ['D_97'], 'K_7': ['D_7'], 'K_105': ['D_105'], 'K_68': ['D_68'], 'K_36': ['D_36'], 'K_110': ['D_110'], 'K_94': ['D_94'], 'K_98': ['D_98'], 'K_56': ['D_56'], 'K_20': ['D_20'], 'K_29': ['D_29'], 'K_9': ['D_9'], 'K_45': ['D_45'], 'K_75': ['D_75'], 'K_23': ['D_23'], 'K_30': ['D_30']}
INFO: key_placer.py:1140: Loading diode connection preset from D:\Projects\1. KEEB\1800-122\KiCad Projects\V2\kbplacer-preset\kbplacer-preset.kicad_pcb
DEBUG: key_placer.py:153: Switches by nets: defaultdict(<class 'list'>, {frozenset({'row0', 'col0'}): ['K_1']})
DEBUG: key_placer.py:157: Diodes by switch: {'K_1': ['D_1']}
DEBUG: board_modifier.py:132: Getting K_1 footprint position: (0, 0)
DEBUG: board_modifier.py:132: Getting D_1 footprint position: (8750000, 10300000)
INFO: key_placer.py:1120: Element info updated: ElementInfo(annotation_format='D{}', position_option=<PositionOption.PRESET: 'Preset'>, position=ElementPosition(x=8.75, y=10.3, orientation=90.0, side=<Side.BACK: 'Back'>), template_path='D:\\Projects\\1. KEEB\\1800-122\\KiCad Projects\\V2\\kbplacer-preset\\kbplacer-preset.kicad_pcb', start_index=-1)
INFO: key_placer.py:785: Using key 1U distance: (19.05, 19.05) mm
INFO: key_placer.py:803: Layout offset: (79390000, 56190000)
DEBUG: kle_serial.py:1131: Layout with: x_ortholinear_keys=49, y_ortholinear_keys=37, rotated_keys=0, encoders=0, iso_enters=0 and unrecognized_shape_keys=0
DEBUG: kle_serial.py:1156: Layout tagged: [<KeyboardTag.ROW_STAGGERED: 2>]
DEBUG: board_modifier.py:119: Setting K_1 footprint position: (88915000, 65715000)
DEBUG: board_modifier.py:119: Setting K_2 footprint position: (127015000, 65715000)
DEBUG: board_modifier.py:119: Setting K_3 footprint position: (146065000, 65715000)
DEBUG: board_modifier.py:119: Setting K_4 footprint position: (165115000, 65715000)
DEBUG: board_modifier.py:119: Setting K_5 footprint position: (184165000, 65715000)
DEBUG: board_modifier.py:119: Setting K_6 footprint position: (203215000, 65715000)
DEBUG: board_modifier.py:119: Setting K_7 footprint position: (222265000, 65715000)
DEBUG: board_modifier.py:119: Setting K_8 footprint position: (255602500, 65715000)
DEBUG: board_modifier.py:119: Setting K_9 footprint position: (274652500, 65715000)
DEBUG: board_modifier.py:119: Setting K_10 footprint position: (293702500, 65715000)
DEBUG: board_modifier.py:119: Setting K_11 footprint position: (312752500, 65715000)
DEBUG: board_modifier.py:119: Setting K_12 footprint position: (331802500, 65715000)
DEBUG: board_modifier.py:119: Setting K_13 footprint position: (350852500, 65715000)
DEBUG: board_modifier.py:119: Setting K_14 footprint position: (384190000, 65715000)
DEBUG: board_modifier.py:119: Setting K_15 footprint position: (403240000, 65715000)
DEBUG: board_modifier.py:119: Setting K_16 footprint position: (422290000, 65715000)
DEBUG: board_modifier.py:119: Setting K_17 footprint position: (441340000, 65715000)
DEBUG: board_modifier.py:119: Setting K_18 footprint position: (460390000, 65715000)
DEBUG: board_modifier.py:119: Setting K_19 footprint position: (479440000, 65715000)
DEBUG: board_modifier.py:119: Setting K_20 footprint position: (127015000, 84765000)
DEBUG: board_modifier.py:119: Setting K_21 footprint position: (146065000, 84765000)
DEBUG: board_modifier.py:119: Setting K_22 footprint position: (165115000, 84765000)
DEBUG: board_modifier.py:119: Setting K_23 footprint position: (184165000, 84765000)
DEBUG: board_modifier.py:119: Setting K_24 footprint position: (203215000, 84765000)
DEBUG: board_modifier.py:119: Setting K_25 footprint position: (222265000, 84765000)
DEBUG: board_modifier.py:119: Setting K_26 footprint position: (255602500, 84765000)
DEBUG: board_modifier.py:119: Setting K_27 footprint position: (274652500, 84765000)
DEBUG: board_modifier.py:119: Setting K_28 footprint position: (293702500, 84765000)
DEBUG: board_modifier.py:119: Setting K_29 footprint position: (312752500, 84765000)
DEBUG: board_modifier.py:119: Setting K_30 footprint position: (331802500, 84765000)
DEBUG: board_modifier.py:119: Setting K_31 footprint position: (350852500, 84765000)
DEBUG: board_modifier.py:119: Setting K_32 footprint position: (384190000, 84765000)
DEBUG: board_modifier.py:119: Setting K_33 footprint position: (403240000, 84765000)
DEBUG: board_modifier.py:119: Setting K_34 footprint position: (422290000, 84765000)
DEBUG: board_modifier.py:119: Setting K_35 footprint position: (441340000, 84765000)
DEBUG: board_modifier.py:119: Setting K_36 footprint position: (460390000, 84765000)
DEBUG: board_modifier.py:119: Setting K_37 footprint position: (479440000, 84765000)
DEBUG: board_modifier.py:119: Setting K_38 footprint position: (88915000, 113340000)
DEBUG: board_modifier.py:119: Setting K_39 footprint position: (107965000, 113340000)
DEBUG: board_modifier.py:119: Setting K_40 footprint position: (127015000, 113340000)
DEBUG: board_modifier.py:119: Setting K_41 footprint position: (146065000, 113340000)
DEBUG: board_modifier.py:119: Setting K_42 footprint position: (169877500, 113340000)
DEBUG: board_modifier.py:119: Setting K_43 footprint position: (188927500, 113340000)
DEBUG: board_modifier.py:119: Setting K_44 footprint position: (207977500, 113340000)
DEBUG: board_modifier.py:119: Setting K_45 footprint position: (227027500, 113340000)
DEBUG: board_modifier.py:119: Setting K_46 footprint position: (246077500, 113340000)
DEBUG: board_modifier.py:119: Setting K_47 footprint position: (265127500, 113340000)
DEBUG: board_modifier.py:119: Setting K_48 footprint position: (284177500, 113340000)
DEBUG: board_modifier.py:119: Setting K_49 footprint position: (303227500, 113340000)
DEBUG: board_modifier.py:119: Setting K_50 footprint position: (322277500, 113340000)
DEBUG: board_modifier.py:119: Setting K_51 footprint position: (341327500, 113340000)
DEBUG: board_modifier.py:119: Setting K_52 footprint position: (360377500, 113340000)
DEBUG: board_modifier.py:119: Setting K_53 footprint position: (379427500, 113340000)
DEBUG: board_modifier.py:119: Setting K_54 footprint position: (398477500, 113340000)
DEBUG: board_modifier.py:119: Setting K_55 footprint position: (427052500, 113340000)
DEBUG: board_modifier.py:119: Setting K_56 footprint position: (460390000, 113340000)
DEBUG: board_modifier.py:119: Setting K_57 footprint position: (479440000, 113340000)
DEBUG: board_modifier.py:119: Setting K_58 footprint position: (498490000, 113340000)
DEBUG: board_modifier.py:119: Setting K_59 footprint position: (88915000, 132390000)
DEBUG: board_modifier.py:119: Setting K_60 footprint position: (107965000, 132390000)
DEBUG: board_modifier.py:119: Setting K_61 footprint position: (127015000, 132390000)
DEBUG: board_modifier.py:119: Setting K_62 footprint position: (146065000, 132390000)
DEBUG: board_modifier.py:119: Setting K_63 footprint position: (174640000, 132390000)
DEBUG: board_modifier.py:119: Setting K_64 footprint position: (198452500, 132390000)
DEBUG: board_modifier.py:119: Setting K_65 footprint position: (217502500, 132390000)
DEBUG: board_modifier.py:119: Setting K_66 footprint position: (236552500, 132390000)
DEBUG: board_modifier.py:119: Setting K_67 footprint position: (255602500, 132390000)
DEBUG: board_modifier.py:119: Setting K_68 footprint position: (274652500, 132390000)
DEBUG: board_modifier.py:119: Setting K_69 footprint position: (293702500, 132390000)
DEBUG: board_modifier.py:119: Setting K_70 footprint position: (312752500, 132390000)
DEBUG: board_modifier.py:119: Setting K_71 footprint position: (331802500, 132390000)
DEBUG: board_modifier.py:119: Setting K_72 footprint position: (350852500, 132390000)
DEBUG: board_modifier.py:119: Setting K_73 footprint position: (369902500, 132390000)
DEBUG: board_modifier.py:119: Setting K_74 footprint position: (388952500, 132390000)
DEBUG: board_modifier.py:119: Setting K_75 footprint position: (408002500, 132390000)
DEBUG: board_modifier.py:119: Setting K_76 footprint position: (431815000, 132390000)
DEBUG: board_modifier.py:119: Setting K_77 footprint position: (460390000, 132390000)
DEBUG: board_modifier.py:119: Setting K_78 footprint position: (479440000, 132390000)
DEBUG: board_modifier.py:119: Setting K_79 footprint position: (498490000, 132390000)
DEBUG: board_modifier.py:119: Setting K_80 footprint position: (88915000, 151440000)
DEBUG: board_modifier.py:119: Setting K_81 footprint position: (107965000, 151440000)
DEBUG: board_modifier.py:119: Setting K_82 footprint position: (127015000, 151440000)
DEBUG: board_modifier.py:119: Setting K_83 footprint position: (146065000, 151440000)
DEBUG: board_modifier.py:119: Setting K_84 footprint position: (177021250, 151440000)
DEBUG: board_modifier.py:119: Setting K_85 footprint position: (203215000, 151440000)
DEBUG: board_modifier.py:119: Setting K_86 footprint position: (222265000, 151440000)
DEBUG: board_modifier.py:119: Setting K_87 footprint position: (241315000, 151440000)
DEBUG: board_modifier.py:119: Setting K_88 footprint position: (260365000, 151440000)
DEBUG: board_modifier.py:119: Setting K_89 footprint position: (279415000, 151440000)
DEBUG: board_modifier.py:119: Setting K_90 footprint position: (298465000, 151440000)
DEBUG: board_modifier.py:119: Setting K_91 footprint position: (317515000, 151440000)
DEBUG: board_modifier.py:119: Setting K_92 footprint position: (336565000, 151440000)
DEBUG: board_modifier.py:119: Setting K_93 footprint position: (355615000, 151440000)
DEBUG: board_modifier.py:119: Setting K_94 footprint position: (374665000, 151440000)
DEBUG: board_modifier.py:119: Setting K_95 footprint position: (393715000, 151440000)
DEBUG: board_modifier.py:119: Setting K_96 footprint position: (424671250, 151440000)
DEBUG: board_modifier.py:119: Setting K_97 footprint position: (460390000, 151440000)
DEBUG: board_modifier.py:119: Setting K_98 footprint position: (479440000, 151440000)
DEBUG: board_modifier.py:119: Setting K_99 footprint position: (498490000, 151440000)
DEBUG: board_modifier.py:119: Setting K_100 footprint position: (88915000, 170490000)
DEBUG: board_modifier.py:119: Setting K_101 footprint position: (107965000, 170490000)
DEBUG: board_modifier.py:119: Setting K_102 footprint position: (127015000, 170490000)
DEBUG: board_modifier.py:119: Setting K_103 footprint position: (146065000, 180015000)
DEBUG: board_modifier.py:119: Setting K_104 footprint position: (181783750, 170490000)
DEBUG: board_modifier.py:119: Setting K_105 footprint position: (212740000, 170490000)
DEBUG: board_modifier.py:119: Setting K_106 footprint position: (231790000, 170490000)
DEBUG: board_modifier.py:119: Setting K_107 footprint position: (250840000, 170490000)
DEBUG: board_modifier.py:119: Setting K_108 footprint position: (269890000, 170490000)
DEBUG: board_modifier.py:119: Setting K_109 footprint position: (288940000, 170490000)
DEBUG: board_modifier.py:119: Setting K_110 footprint position: (307990000, 170490000)
DEBUG: board_modifier.py:119: Setting K_111 footprint position: (327040000, 170490000)
DEBUG: board_modifier.py:119: Setting K_112 footprint position: (346090000, 170490000)
DEBUG: board_modifier.py:119: Setting K_113 footprint position: (365140000, 170490000)
DEBUG: board_modifier.py:119: Setting K_114 footprint position: (384190000, 170490000)
DEBUG: board_modifier.py:119: Setting K_115 footprint position: (415146250, 170490000)
DEBUG: board_modifier.py:119: Setting K_116 footprint position: (450865000, 175252500)
DEBUG: board_modifier.py:119: Setting K_117 footprint position: (98440000, 189540000)
DEBUG: board_modifier.py:119: Setting K_118 footprint position: (127015000, 189540000)
DEBUG: board_modifier.py:119: Setting K_119 footprint position: (172258750, 189540000)
DEBUG: board_modifier.py:119: Setting K_120 footprint position: (196071250, 189540000)
DEBUG: board_modifier.py:119: Setting K_121 footprint position: (219883750, 189540000)
DEBUG: board_modifier.py:119: Setting K_122 footprint position: (241315000, 189540000)
DEBUG: board_modifier.py:119: Setting K_123 footprint position: (310371250, 189540000)
DEBUG: board_modifier.py:119: Setting K_124 footprint position: (381808750, 189540000)
DEBUG: board_modifier.py:119: Setting K_125 footprint position: (405621250, 189540000)
DEBUG: board_modifier.py:119: Setting K_126 footprint position: (431815000, 194302500)
DEBUG: board_modifier.py:119: Setting K_127 footprint position: (450865000, 194302500)
DEBUG: board_modifier.py:119: Setting K_128 footprint position: (469915000, 194302500)
INFO: key_placer.py:1238: Diode info: [ElementInfo(annotation_format='D{}', position_option=<PositionOption.PRESET: 'Preset'>, position=ElementPosition(x=8.75, y=10.3, orientation=90.0, side=<Side.BACK: 'Back'>), template_path='D:\\Projects\\1. KEEB\\1800-122\\KiCad Projects\\V2\\kbplacer-preset\\kbplacer-preset.kicad_pcb', start_index=-1)]
DEBUG: board_modifier.py:132: Getting K_1 footprint position: (88915000, 65715000)
DEBUG: board_modifier.py:119: Setting D_1 footprint position: (97665000, 76015000)
DEBUG: board_modifier.py:132: Getting K_2 footprint position: (127015000, 65715000)
DEBUG: board_modifier.py:119: Setting D_2 footprint position: (135765000, 76015000)
DEBUG: board_modifier.py:132: Getting K_3 footprint position: (146065000, 65715000)
DEBUG: board_modifier.py:119: Setting D_3 footprint position: (154815000, 76015000)
DEBUG: board_modifier.py:132: Getting K_4 footprint position: (165115000, 65715000)
DEBUG: board_modifier.py:119: Setting D_4 footprint position: (173865000, 76015000)
DEBUG: board_modifier.py:132: Getting K_5 footprint position: (184165000, 65715000)
DEBUG: board_modifier.py:119: Setting D_5 footprint position: (192915000, 76015000)
DEBUG: board_modifier.py:132: Getting K_6 footprint position: (203215000, 65715000)
DEBUG: board_modifier.py:119: Setting D_6 footprint position: (211965000, 76015000)
DEBUG: board_modifier.py:132: Getting K_7 footprint position: (222265000, 65715000)
DEBUG: board_modifier.py:119: Setting D_7 footprint position: (231015000, 76015000)
DEBUG: board_modifier.py:132: Getting K_8 footprint position: (255602500, 65715000)
DEBUG: board_modifier.py:119: Setting D_8 footprint position: (264352500, 76015000)
DEBUG: board_modifier.py:132: Getting K_9 footprint position: (274652500, 65715000)
DEBUG: board_modifier.py:119: Setting D_9 footprint position: (283402500, 76015000)
DEBUG: board_modifier.py:132: Getting K_10 footprint position: (293702500, 65715000)
DEBUG: board_modifier.py:119: Setting D_10 footprint position: (302452500, 76015000)
DEBUG: board_modifier.py:132: Getting K_11 footprint position: (312752500, 65715000)
DEBUG: board_modifier.py:119: Setting D_11 footprint position: (321502500, 76015000)
DEBUG: board_modifier.py:132: Getting K_12 footprint position: (331802500, 65715000)
DEBUG: board_modifier.py:119: Setting D_12 footprint position: (340552500, 76015000)
DEBUG: board_modifier.py:132: Getting K_13 footprint position: (350852500, 65715000)
DEBUG: board_modifier.py:119: Setting D_13 footprint position: (359602500, 76015000)
DEBUG: board_modifier.py:132: Getting K_14 footprint position: (384190000, 65715000)
DEBUG: board_modifier.py:119: Setting D_14 footprint position: (392940000, 76015000)
DEBUG: board_modifier.py:132: Getting K_15 footprint position: (403240000, 65715000)
DEBUG: board_modifier.py:119: Setting D_15 footprint position: (411990000, 76015000)
DEBUG: board_modifier.py:132: Getting K_16 footprint position: (422290000, 65715000)
DEBUG: board_modifier.py:119: Setting D_16 footprint position: (431040000, 76015000)
DEBUG: board_modifier.py:132: Getting K_17 footprint position: (441340000, 65715000)
DEBUG: board_modifier.py:119: Setting D_17 footprint position: (450090000, 76015000)
DEBUG: board_modifier.py:132: Getting K_18 footprint position: (460390000, 65715000)
DEBUG: board_modifier.py:119: Setting D_18 footprint position: (469140000, 76015000)
DEBUG: board_modifier.py:132: Getting K_19 footprint position: (479440000, 65715000)
DEBUG: board_modifier.py:119: Setting D_19 footprint position: (488190000, 76015000)
DEBUG: board_modifier.py:132: Getting K_20 footprint position: (127015000, 84765000)
DEBUG: board_modifier.py:119: Setting D_20 footprint position: (135765000, 95065000)
DEBUG: board_modifier.py:132: Getting K_21 footprint position: (146065000, 84765000)
DEBUG: board_modifier.py:119: Setting D_21 footprint position: (154815000, 95065000)
DEBUG: board_modifier.py:132: Getting K_22 footprint position: (165115000, 84765000)
DEBUG: board_modifier.py:119: Setting D_22 footprint position: (173865000, 95065000)
DEBUG: board_modifier.py:132: Getting K_23 footprint position: (184165000, 84765000)
DEBUG: board_modifier.py:119: Setting D_23 footprint position: (192915000, 95065000)
DEBUG: board_modifier.py:132: Getting K_24 footprint position: (203215000, 84765000)
DEBUG: board_modifier.py:119: Setting D_24 footprint position: (211965000, 95065000)
DEBUG: board_modifier.py:132: Getting K_25 footprint position: (222265000, 84765000)
DEBUG: board_modifier.py:119: Setting D_25 footprint position: (231015000, 95065000)
DEBUG: board_modifier.py:132: Getting K_26 footprint position: (255602500, 84765000)
DEBUG: board_modifier.py:119: Setting D_26 footprint position: (264352500, 95065000)
DEBUG: board_modifier.py:132: Getting K_27 footprint position: (274652500, 84765000)
DEBUG: board_modifier.py:119: Setting D_27 footprint position: (283402500, 95065000)
DEBUG: board_modifier.py:132: Getting K_28 footprint position: (293702500, 84765000)
DEBUG: board_modifier.py:119: Setting D_28 footprint position: (302452500, 95065000)
DEBUG: board_modifier.py:132: Getting K_29 footprint position: (312752500, 84765000)
DEBUG: board_modifier.py:119: Setting D_29 footprint position: (321502500, 95065000)
DEBUG: board_modifier.py:132: Getting K_30 footprint position: (331802500, 84765000)
DEBUG: board_modifier.py:119: Setting D_30 footprint position: (340552500, 95065000)
DEBUG: board_modifier.py:132: Getting K_31 footprint position: (350852500, 84765000)
DEBUG: board_modifier.py:119: Setting D_31 footprint position: (359602500, 95065000)
DEBUG: board_modifier.py:132: Getting K_32 footprint position: (384190000, 84765000)
DEBUG: board_modifier.py:119: Setting D_32 footprint position: (392940000, 95065000)
DEBUG: board_modifier.py:132: Getting K_33 footprint position: (403240000, 84765000)
DEBUG: board_modifier.py:119: Setting D_33 footprint position: (411990000, 95065000)
DEBUG: board_modifier.py:132: Getting K_34 footprint position: (422290000, 84765000)
DEBUG: board_modifier.py:119: Setting D_34 footprint position: (431040000, 95065000)
DEBUG: board_modifier.py:132: Getting K_35 footprint position: (441340000, 84765000)
DEBUG: board_modifier.py:119: Setting D_35 footprint position: (450090000, 95065000)
DEBUG: board_modifier.py:132: Getting K_36 footprint position: (460390000, 84765000)
DEBUG: board_modifier.py:119: Setting D_36 footprint position: (469140000, 95065000)
DEBUG: board_modifier.py:132: Getting K_37 footprint position: (479440000, 84765000)
DEBUG: board_modifier.py:119: Setting D_37 footprint position: (488190000, 95065000)
DEBUG: board_modifier.py:132: Getting K_38 footprint position: (88915000, 113340000)
DEBUG: board_modifier.py:119: Setting D_38 footprint position: (97665000, 123640000)
DEBUG: board_modifier.py:132: Getting K_39 footprint position: (107965000, 113340000)
DEBUG: board_modifier.py:119: Setting D_39 footprint position: (116715000, 123640000)
DEBUG: board_modifier.py:132: Getting K_40 footprint position: (127015000, 113340000)
DEBUG: board_modifier.py:119: Setting D_40 footprint position: (135765000, 123640000)
DEBUG: board_modifier.py:132: Getting K_41 footprint position: (146065000, 113340000)
DEBUG: board_modifier.py:119: Setting D_41 footprint position: (154815000, 123640000)
DEBUG: board_modifier.py:132: Getting K_42 footprint position: (169877500, 113340000)
DEBUG: board_modifier.py:119: Setting D_42 footprint position: (178627500, 123640000)
DEBUG: board_modifier.py:132: Getting K_43 footprint position: (188927500, 113340000)
DEBUG: board_modifier.py:119: Setting D_43 footprint position: (197677500, 123640000)
DEBUG: board_modifier.py:132: Getting K_44 footprint position: (207977500, 113340000)
DEBUG: board_modifier.py:119: Setting D_44 footprint position: (216727500, 123640000)
DEBUG: board_modifier.py:132: Getting K_45 footprint position: (227027500, 113340000)
DEBUG: board_modifier.py:119: Setting D_45 footprint position: (235777500, 123640000)
DEBUG: board_modifier.py:132: Getting K_46 footprint position: (246077500, 113340000)
DEBUG: board_modifier.py:119: Setting D_46 footprint position: (254827500, 123640000)
DEBUG: board_modifier.py:132: Getting K_47 footprint position: (265127500, 113340000)
DEBUG: board_modifier.py:119: Setting D_47 footprint position: (273877500, 123640000)
DEBUG: board_modifier.py:132: Getting K_48 footprint position: (284177500, 113340000)
DEBUG: board_modifier.py:119: Setting D_48 footprint position: (292927500, 123640000)
DEBUG: board_modifier.py:132: Getting K_49 footprint position: (303227500, 113340000)
DEBUG: board_modifier.py:119: Setting D_49 footprint position: (311977500, 123640000)
DEBUG: board_modifier.py:132: Getting K_50 footprint position: (322277500, 113340000)
DEBUG: board_modifier.py:119: Setting D_50 footprint position: (331027500, 123640000)
DEBUG: board_modifier.py:132: Getting K_51 footprint position: (341327500, 113340000)
DEBUG: board_modifier.py:119: Setting D_51 footprint position: (350077500, 123640000)
DEBUG: board_modifier.py:132: Getting K_52 footprint position: (360377500, 113340000)
DEBUG: board_modifier.py:119: Setting D_52 footprint position: (369127500, 123640000)
DEBUG: board_modifier.py:132: Getting K_53 footprint position: (379427500, 113340000)
DEBUG: board_modifier.py:119: Setting D_53 footprint position: (388177500, 123640000)
DEBUG: board_modifier.py:132: Getting K_54 footprint position: (398477500, 113340000)
DEBUG: board_modifier.py:119: Setting D_54 footprint position: (407227500, 123640000)
DEBUG: board_modifier.py:132: Getting K_55 footprint position: (427052500, 113340000)
DEBUG: board_modifier.py:119: Setting D_55 footprint position: (435802500, 123640000)
DEBUG: board_modifier.py:132: Getting K_56 footprint position: (460390000, 113340000)
DEBUG: board_modifier.py:119: Setting D_56 footprint position: (469140000, 123640000)
DEBUG: board_modifier.py:132: Getting K_57 footprint position: (479440000, 113340000)
DEBUG: board_modifier.py:119: Setting D_57 footprint position: (488190000, 123640000)
DEBUG: board_modifier.py:132: Getting K_58 footprint position: (498490000, 113340000)
DEBUG: board_modifier.py:119: Setting D_58 footprint position: (507240000, 123640000)
DEBUG: board_modifier.py:132: Getting K_59 footprint position: (88915000, 132390000)
DEBUG: board_modifier.py:119: Setting D_59 footprint position: (97665000, 142690000)
DEBUG: board_modifier.py:132: Getting K_60 footprint position: (107965000, 132390000)
DEBUG: board_modifier.py:119: Setting D_60 footprint position: (116715000, 142690000)
DEBUG: board_modifier.py:132: Getting K_61 footprint position: (127015000, 132390000)
DEBUG: board_modifier.py:119: Setting D_61 footprint position: (135765000, 142690000)
DEBUG: board_modifier.py:132: Getting K_62 footprint position: (146065000, 132390000)
DEBUG: board_modifier.py:119: Setting D_62 footprint position: (154815000, 142690000)
DEBUG: board_modifier.py:132: Getting K_63 footprint position: (174640000, 132390000)
DEBUG: board_modifier.py:119: Setting D_63 footprint position: (183390000, 142690000)
DEBUG: board_modifier.py:132: Getting K_64 footprint position: (198452500, 132390000)
DEBUG: board_modifier.py:119: Setting D_64 footprint position: (207202500, 142690000)
DEBUG: board_modifier.py:132: Getting K_65 footprint position: (217502500, 132390000)
DEBUG: board_modifier.py:119: Setting D_65 footprint position: (226252500, 142690000)
DEBUG: board_modifier.py:132: Getting K_66 footprint position: (236552500, 132390000)
DEBUG: board_modifier.py:119: Setting D_66 footprint position: (245302500, 142690000)
DEBUG: board_modifier.py:132: Getting K_67 footprint position: (255602500, 132390000)
DEBUG: board_modifier.py:119: Setting D_67 footprint position: (264352500, 142690000)
DEBUG: board_modifier.py:132: Getting K_68 footprint position: (274652500, 132390000)
DEBUG: board_modifier.py:119: Setting D_68 footprint position: (283402500, 142690000)
DEBUG: board_modifier.py:132: Getting K_69 footprint position: (293702500, 132390000)
DEBUG: board_modifier.py:119: Setting D_69 footprint position: (302452500, 142690000)
DEBUG: board_modifier.py:132: Getting K_70 footprint position: (312752500, 132390000)
DEBUG: board_modifier.py:119: Setting D_70 footprint position: (321502500, 142690000)
DEBUG: board_modifier.py:132: Getting K_71 footprint position: (331802500, 132390000)
DEBUG: board_modifier.py:119: Setting D_71 footprint position: (340552500, 142690000)
DEBUG: board_modifier.py:132: Getting K_72 footprint position: (350852500, 132390000)
DEBUG: board_modifier.py:119: Setting D_72 footprint position: (359602500, 142690000)
DEBUG: board_modifier.py:132: Getting K_73 footprint position: (369902500, 132390000)
DEBUG: board_modifier.py:119: Setting D_73 footprint position: (378652500, 142690000)
DEBUG: board_modifier.py:132: Getting K_74 footprint position: (388952500, 132390000)
DEBUG: board_modifier.py:119: Setting D_74 footprint position: (397702500, 142690000)
DEBUG: board_modifier.py:132: Getting K_75 footprint position: (408002500, 132390000)
DEBUG: board_modifier.py:119: Setting D_75 footprint position: (416752500, 142690000)
DEBUG: board_modifier.py:132: Getting K_76 footprint position: (431815000, 132390000)
DEBUG: board_modifier.py:119: Setting D_76 footprint position: (440565000, 142690000)
DEBUG: board_modifier.py:132: Getting K_77 footprint position: (460390000, 132390000)
DEBUG: board_modifier.py:119: Setting D_77 footprint position: (469140000, 142690000)
DEBUG: board_modifier.py:132: Getting K_78 footprint position: (479440000, 132390000)
DEBUG: board_modifier.py:119: Setting D_78 footprint position: (488190000, 142690000)
DEBUG: board_modifier.py:132: Getting K_79 footprint position: (498490000, 132390000)
DEBUG: board_modifier.py:119: Setting D_79 footprint position: (507240000, 142690000)
DEBUG: board_modifier.py:132: Getting K_80 footprint position: (88915000, 151440000)
DEBUG: board_modifier.py:119: Setting D_80 footprint position: (97665000, 161740000)
DEBUG: board_modifier.py:132: Getting K_81 footprint position: (107965000, 151440000)
DEBUG: board_modifier.py:119: Setting D_81 footprint position: (116715000, 161740000)
DEBUG: board_modifier.py:132: Getting K_82 footprint position: (127015000, 151440000)
DEBUG: board_modifier.py:119: Setting D_82 footprint position: (135765000, 161740000)
DEBUG: board_modifier.py:132: Getting K_83 footprint position: (146065000, 151440000)
DEBUG: board_modifier.py:119: Setting D_83 footprint position: (154815000, 161740000)
DEBUG: board_modifier.py:132: Getting K_84 footprint position: (177021250, 151440000)
DEBUG: board_modifier.py:119: Setting D_84 footprint position: (185771250, 161740000)
DEBUG: board_modifier.py:132: Getting K_85 footprint position: (203215000, 151440000)
DEBUG: board_modifier.py:119: Setting D_85 footprint position: (211965000, 161740000)
DEBUG: board_modifier.py:132: Getting K_86 footprint position: (222265000, 151440000)
DEBUG: board_modifier.py:119: Setting D_86 footprint position: (231015000, 161740000)
DEBUG: board_modifier.py:132: Getting K_87 footprint position: (241315000, 151440000)
DEBUG: board_modifier.py:119: Setting D_87 footprint position: (250065000, 161740000)
DEBUG: board_modifier.py:132: Getting K_88 footprint position: (260365000, 151440000)
DEBUG: board_modifier.py:119: Setting D_88 footprint position: (269115000, 161740000)
DEBUG: board_modifier.py:132: Getting K_89 footprint position: (279415000, 151440000)
DEBUG: board_modifier.py:119: Setting D_89 footprint position: (288165000, 161740000)
DEBUG: board_modifier.py:132: Getting K_90 footprint position: (298465000, 151440000)
DEBUG: board_modifier.py:119: Setting D_90 footprint position: (307215000, 161740000)
DEBUG: board_modifier.py:132: Getting K_91 footprint position: (317515000, 151440000)
DEBUG: board_modifier.py:119: Setting D_91 footprint position: (326265000, 161740000)
DEBUG: board_modifier.py:132: Getting K_92 footprint position: (336565000, 151440000)
DEBUG: board_modifier.py:119: Setting D_92 footprint position: (345315000, 161740000)
DEBUG: board_modifier.py:132: Getting K_93 footprint position: (355615000, 151440000)
DEBUG: board_modifier.py:119: Setting D_93 footprint position: (364365000, 161740000)
DEBUG: board_modifier.py:132: Getting K_94 footprint position: (374665000, 151440000)
DEBUG: board_modifier.py:119: Setting D_94 footprint position: (383415000, 161740000)
DEBUG: board_modifier.py:132: Getting K_95 footprint position: (393715000, 151440000)
DEBUG: board_modifier.py:119: Setting D_95 footprint position: (402465000, 161740000)
DEBUG: board_modifier.py:132: Getting K_96 footprint position: (424671250, 151440000)
DEBUG: board_modifier.py:119: Setting D_96 footprint position: (433421250, 161740000)
DEBUG: board_modifier.py:132: Getting K_97 footprint position: (460390000, 151440000)
DEBUG: board_modifier.py:119: Setting D_97 footprint position: (469140000, 161740000)
DEBUG: board_modifier.py:132: Getting K_98 footprint position: (479440000, 151440000)
DEBUG: board_modifier.py:119: Setting D_98 footprint position: (488190000, 161740000)
DEBUG: board_modifier.py:132: Getting K_99 footprint position: (498490000, 151440000)
DEBUG: board_modifier.py:119: Setting D_99 footprint position: (507240000, 161740000)
DEBUG: board_modifier.py:132: Getting K_100 footprint position: (88915000, 170490000)
DEBUG: board_modifier.py:119: Setting D_100 footprint position: (97665000, 180790000)
DEBUG: board_modifier.py:132: Getting K_101 footprint position: (107965000, 170490000)
DEBUG: board_modifier.py:119: Setting D_101 footprint position: (116715000, 180790000)
DEBUG: board_modifier.py:132: Getting K_102 footprint position: (127015000, 170490000)
DEBUG: board_modifier.py:119: Setting D_102 footprint position: (135765000, 180790000)
DEBUG: board_modifier.py:132: Getting K_103 footprint position: (146065000, 180015000)
DEBUG: board_modifier.py:119: Setting D_103 footprint position: (154815000, 190315000)
DEBUG: board_modifier.py:132: Getting K_104 footprint position: (181783750, 170490000)
DEBUG: board_modifier.py:119: Setting D_104 footprint position: (190533750, 180790000)
DEBUG: board_modifier.py:132: Getting K_105 footprint position: (212740000, 170490000)
DEBUG: board_modifier.py:119: Setting D_105 footprint position: (221490000, 180790000)
DEBUG: board_modifier.py:132: Getting K_106 footprint position: (231790000, 170490000)
DEBUG: board_modifier.py:119: Setting D_106 footprint position: (240540000, 180790000)
DEBUG: board_modifier.py:132: Getting K_107 footprint position: (250840000, 170490000)
DEBUG: board_modifier.py:119: Setting D_107 footprint position: (259590000, 180790000)
DEBUG: board_modifier.py:132: Getting K_108 footprint position: (269890000, 170490000)
DEBUG: board_modifier.py:119: Setting D_108 footprint position: (278640000, 180790000)
DEBUG: board_modifier.py:132: Getting K_109 footprint position: (288940000, 170490000)
DEBUG: board_modifier.py:119: Setting D_109 footprint position: (297690000, 180790000)
DEBUG: board_modifier.py:132: Getting K_110 footprint position: (307990000, 170490000)
DEBUG: board_modifier.py:119: Setting D_110 footprint position: (316740000, 180790000)
DEBUG: board_modifier.py:132: Getting K_111 footprint position: (327040000, 170490000)
DEBUG: board_modifier.py:119: Setting D_111 footprint position: (335790000, 180790000)
DEBUG: board_modifier.py:132: Getting K_112 footprint position: (346090000, 170490000)
DEBUG: board_modifier.py:119: Setting D_112 footprint position: (354840000, 180790000)
DEBUG: board_modifier.py:132: Getting K_113 footprint position: (365140000, 170490000)
DEBUG: board_modifier.py:119: Setting D_113 footprint position: (373890000, 180790000)
DEBUG: board_modifier.py:132: Getting K_114 footprint position: (384190000, 170490000)
DEBUG: board_modifier.py:119: Setting D_114 footprint position: (392940000, 180790000)
DEBUG: board_modifier.py:132: Getting K_115 footprint position: (415146250, 170490000)
DEBUG: board_modifier.py:119: Setting D_115 footprint position: (423896250, 180790000)
DEBUG: board_modifier.py:132: Getting K_116 footprint position: (450865000, 175252500)
DEBUG: board_modifier.py:119: Setting D_116 footprint position: (459615000, 185552500)
DEBUG: board_modifier.py:132: Getting K_117 footprint position: (98440000, 189540000)
DEBUG: board_modifier.py:119: Setting D_117 footprint position: (107190000, 199840000)
DEBUG: board_modifier.py:132: Getting K_118 footprint position: (127015000, 189540000)
DEBUG: board_modifier.py:119: Setting D_118 footprint position: (135765000, 199840000)
DEBUG: board_modifier.py:132: Getting K_119 footprint position: (172258750, 189540000)
DEBUG: board_modifier.py:119: Setting D_119 footprint position: (181008750, 199840000)
DEBUG: board_modifier.py:132: Getting K_120 footprint position: (196071250, 189540000)
DEBUG: board_modifier.py:119: Setting D_120 footprint position: (204821250, 199840000)
DEBUG: board_modifier.py:132: Getting K_121 footprint position: (219883750, 189540000)
DEBUG: board_modifier.py:119: Setting D_121 footprint position: (228633750, 199840000)
DEBUG: board_modifier.py:132: Getting K_122 footprint position: (241315000, 189540000)
DEBUG: board_modifier.py:119: Setting D_122 footprint position: (250065000, 199840000)
DEBUG: board_modifier.py:132: Getting K_123 footprint position: (310371250, 189540000)
DEBUG: board_modifier.py:119: Setting D_123 footprint position: (319121250, 199840000)
DEBUG: board_modifier.py:132: Getting K_124 footprint position: (381808750, 189540000)
DEBUG: board_modifier.py:119: Setting D_124 footprint position: (390558750, 199840000)
DEBUG: board_modifier.py:132: Getting K_125 footprint position: (405621250, 189540000)
DEBUG: board_modifier.py:119: Setting D_125 footprint position: (414371250, 199840000)
DEBUG: board_modifier.py:132: Getting K_126 footprint position: (431815000, 194302500)
DEBUG: board_modifier.py:119: Setting D_126 footprint position: (440565000, 204602500)
DEBUG: board_modifier.py:132: Getting K_127 footprint position: (450865000, 194302500)
DEBUG: board_modifier.py:119: Setting D_127 footprint position: (459615000, 204602500)
DEBUG: board_modifier.py:132: Getting K_128 footprint position: (469915000, 194302500)
DEBUG: board_modifier.py:119: Setting D_128 footprint position: (478665000, 204602500)
INFO: key_placer.py:979: Placing additional elements for K_9
DEBUG: board_modifier.py:132: Getting K_9 footprint position: (274652500, 65715000)
DEBUG: board_modifier.py:84: Searching for optional ST9 footprint in D:\Projects\1. KEEB\1800-122\KiCad Projects\V2\1800122-V2.kicad_pcb
DEBUG: board_modifier.py:89: Footprint not found
INFO: key_placer.py:979: Placing additional elements for K_77
DEBUG: board_modifier.py:132: Getting K_77 footprint position: (460390000, 132390000)
DEBUG: board_modifier.py:84: Searching for optional ST77 footprint in D:\Projects\1. KEEB\1800-122\KiCad Projects\V2\1800122-V2.kicad_pcb
DEBUG: board_modifier.py:89: Footprint not found
INFO: key_placer.py:979: Placing additional elements for K_12
DEBUG: board_modifier.py:132: Getting K_12 footprint position: (331802500, 65715000)
DEBUG: board_modifier.py:84: Searching for optional ST12 footprint in D:\Projects\1. KEEB\1800-122\KiCad Projects\V2\1800122-V2.kicad_pcb
DEBUG: board_modifier.py:89: Footprint not found
INFO: key_placer.py:979: Placing additional elements for K_38
DEBUG: board_modifier.py:132: Getting K_38 footprint position: (88915000, 113340000)
DEBUG: board_modifier.py:84: Searching for optional ST38 footprint in D:\Projects\1. KEEB\1800-122\KiCad Projects\V2\1800122-V2.kicad_pcb
DEBUG: board_modifier.py:89: Footprint not found
INFO: key_placer.py:979: Placing additional elements for K_90
DEBUG: board_modifier.py:132: Getting K_90 footprint position: (298465000, 151440000)
DEBUG: board_modifier.py:84: Searching for optional ST90 footprint in D:\Projects\1. KEEB\1800-122\KiCad Projects\V2\1800122-V2.kicad_pcb
DEBUG: board_modifier.py:89: Footprint not found
INFO: key_placer.py:979: Placing additional elements for K_53
DEBUG: board_modifier.py:132: Getting K_53 footprint position: (379427500, 113340000)
DEBUG: board_modifier.py:84: Searching for optional ST53 footprint in D:\Projects\1. KEEB\1800-122\KiCad Projects\V2\1800122-V2.kicad_pcb
DEBUG: board_modifier.py:89: Footprint not found
INFO: key_placer.py:979: Placing additional elements for K_26
DEBUG: board_modifier.py:132: Getting K_26 footprint position: (255602500, 84765000)
DEBUG: board_modifier.py:84: Searching for optional ST26 footprint in D:\Projects\1. KEEB\1800-122\KiCad Projects\V2\1800122-V2.kicad_pcb
DEBUG: board_modifier.py:89: Footprint not found
INFO: key_placer.py:979: Placing additional elements for K_86
DEBUG: board_modifier.py:132: Getting K_86 footprint position: (222265000, 151440000)
DEBUG: board_modifier.py:84: Searching for optional ST86 footprint in D:\Projects\1. KEEB\1800-122\KiCad Projects\V2\1800122-V2.kicad_pcb
DEBUG: board_modifier.py:89: Footprint not found
INFO: key_placer.py:979: Placing additional elements for K_45
DEBUG: board_modifier.py:132: Getting K_45 footprint position: (227027500, 113340000)
DEBUG: board_modifier.py:84: Searching for optional ST45 footprint in D:\Projects\1. KEEB\1800-122\KiCad Projects\V2\1800122-V2.kicad_pcb
DEBUG: board_modifier.py:89: Footprint not found
INFO: key_placer.py:979: Placing additional elements for K_62
DEBUG: board_modifier.py:132: Getting K_62 footprint position: (146065000, 132390000)
DEBUG: board_modifier.py:84: Searching for optional ST62 footprint in D:\Projects\1. KEEB\1800-122\KiCad Projects\V2\1800122-V2.kicad_pcb
DEBUG: board_modifier.py:89: Footprint not found
INFO: key_placer.py:979: Placing additional elements for K_35
DEBUG: board_modifier.py:132: Getting K_35 footprint position: (441340000, 84765000)
DEBUG: board_modifier.py:84: Searching for optional ST35 footprint in D:\Projects\1. KEEB\1800-122\KiCad Projects\V2\1800122-V2.kicad_pcb
DEBUG: board_modifier.py:89: Footprint not found
INFO: key_placer.py:979: Placing additional elements for K_2
DEBUG: board_modifier.py:132: Getting K_2 footprint position: (127015000, 65715000)
DEBUG: board_modifier.py:84: Searching for optional ST2 footprint in D:\Projects\1. KEEB\1800-122\KiCad Projects\V2\1800122-V2.kicad_pcb
DEBUG: board_modifier.py:89: Footprint not found
INFO: key_placer.py:979: Placing additional elements for K_15
DEBUG: board_modifier.py:132: Getting K_15 footprint position: (403240000, 65715000)
DEBUG: board_modifier.py:84: Searching for optional ST15 footprint in D:\Projects\1. KEEB\1800-122\KiCad Projects\V2\1800122-V2.kicad_pcb
DEBUG: board_modifier.py:89: Footprint not found
INFO: key_placer.py:979: Placing additional elements for K_114
DEBUG: board_modifier.py:132: Getting K_114 footprint position: (384190000, 170490000)
DEBUG: board_modifier.py:84: Searching for optional ST114 footprint in D:\Projects\1. KEEB\1800-122\KiCad Projects\V2\1800122-V2.kicad_pcb
DEBUG: board_modifier.py:89: Footprint not found
INFO: key_placer.py:979: Placing additional elements for K_112
DEBUG: board_modifier.py:132: Getting K_112 footprint position: (346090000, 170490000)
DEBUG: board_modifier.py:84: Searching for optional ST112 footprint in D:\Projects\1. KEEB\1800-122\KiCad Projects\V2\1800122-V2.kicad_pcb
DEBUG: board_modifier.py:89: Footprint not found
INFO: key_placer.py:979: Placing additional elements for K_66
DEBUG: board_modifier.py:132: Getting K_66 footprint position: (236552500, 132390000)
DEBUG: board_modifier.py:84: Searching for optional ST66 footprint in D:\Projects\1. KEEB\1800-122\KiCad Projects\V2\1800122-V2.kicad_pcb
DEBUG: board_modifier.py:89: Footprint not found
INFO: key_placer.py:979: Placing additional elements for K_96
DEBUG: board_modifier.py:132: Getting K_96 footprint position: (424671250, 151440000)
DEBUG: board_modifier.py:84: Searching for optional ST96 footprint in D:\Projects\1. KEEB\1800-122\KiCad Projects\V2\1800122-V2.kicad_pcb
DEBUG: board_modifier.py:89: Footprint not found
INFO: key_placer.py:979: Placing additional elements for K_73
DEBUG: board_modifier.py:132: Getting K_73 footprint position: (369902500, 132390000)
DEBUG: board_modifier.py:84: Searching for optional ST73 footprint in D:\Projects\1. KEEB\1800-122\KiCad Projects\V2\1800122-V2.kicad_pcb
DEBUG: board_modifier.py:89: Footprint not found
INFO: key_placer.py:979: Placing additional elements for K_40
DEBUG: board_modifier.py:132: Getting K_40 footprint position: (127015000, 113340000)
DEBUG: board_modifier.py:84: Searching for optional ST40 footprint in D:\Projects\1. KEEB\1800-122\KiCad Projects\V2\1800122-V2.kicad_pcb
DEBUG: board_modifier.py:89: Footprint not found
INFO: key_placer.py:979: Placing additional elements for K_79
DEBUG: board_modifier.py:132: Getting K_79 footprint position: (498490000, 132390000)
DEBUG: board_modifier.py:84: Searching for optional ST79 footprint in D:\Projects\1. KEEB\1800-122\KiCad Projects\V2\1800122-V2.kicad_pcb
DEBUG: board_modifier.py:89: Footprint not found
INFO: key_placer.py:979: Placing additional elements for K_109
DEBUG: board_modifier.py:132: Getting K_109 footprint position: (288940000, 170490000)
DEBUG: board_modifier.py:84: Searching for optional ST109 footprint in D:\Projects\1. KEEB\1800-122\KiCad Projects\V2\1800122-V2.kicad_pcb
DEBUG: board_modifier.py:89: Footprint not found
INFO: key_placer.py:979: Placing additional elements for K_31
DEBUG: board_modifier.py:132: Getting K_31 footprint position: (350852500, 84765000)
DEBUG: board_modifier.py:84: Searching for optional ST31 footprint in D:\Projects\1. KEEB\1800-122\KiCad Projects\V2\1800122-V2.kicad_pcb
DEBUG: board_modifier.py:89: Footprint not found
INFO: key_placer.py:979: Placing additional elements for K_93
DEBUG: board_modifier.py:132: Getting K_93 footprint position: (355615000, 151440000)
DEBUG: board_modifier.py:84: Searching for optional ST93 footprint in D:\Projects\1. KEEB\1800-122\KiCad Projects\V2\1800122-V2.kicad_pcb
DEBUG: board_modifier.py:89: Footprint not found
INFO: key_placer.py:979: Placing additional elements for K_68
DEBUG: board_modifier.py:132: Getting K_68 footprint position: (274652500, 132390000)
DEBUG: board_modifier.py:84: Searching for optional ST68 footprint in D:\Projects\1. KEEB\1800-122\KiCad Projects\V2\1800122-V2.kicad_pcb
DEBUG: board_modifier.py:89: Footprint not found
INFO: key_placer.py:979: Placing additional elements for K_7
DEBUG: board_modifier.py:132: Getting K_7 footprint position: (222265000, 65715000)
DEBUG: board_modifier.py:84: Searching for optional ST7 footprint in D:\Projects\1. KEEB\1800-122\KiCad Projects\V2\1800122-V2.kicad_pcb
DEBUG: board_modifier.py:89: Footprint not found
INFO: key_placer.py:979: Placing additional elements for K_106
DEBUG: board_modifier.py:132: Getting K_106 footprint position: (231790000, 170490000)
DEBUG: board_modifier.py:84: Searching for optional ST106 footprint in D:\Projects\1. KEEB\1800-122\KiCad Projects\V2\1800122-V2.kicad_pcb
DEBUG: board_modifier.py:89: Footprint not found
INFO: key_placer.py:979: Placing additional elements for K_36
DEBUG: board_modifier.py:132: Getting K_36 footprint position: (460390000, 84765000)
DEBUG: board_modifier.py:84: Searching for optional ST36 footprint in D:\Projects\1. KEEB\1800-122\KiCad Projects\V2\1800122-V2.kicad_pcb
DEBUG: board_modifier.py:89: Footprint not found
INFO: key_placer.py:979: Placing additional elements for K_46
DEBUG: board_modifier.py:132: Getting K_46 footprint position: (246077500, 113340000)
DEBUG: board_modifier.py:84: Searching for optional ST46 footprint in D:\Projects\1. KEEB\1800-122\KiCad Projects\V2\1800122-V2.kicad_pcb
DEBUG: board_modifier.py:89: Footprint not found
INFO: key_placer.py:979: Placing additional elements for K_84
DEBUG: board_modifier.py:132: Getting K_84 footprint position: (177021250, 151440000)
DEBUG: board_modifier.py:84: Searching for optional ST84 footprint in D:\Projects\1. KEEB\1800-122\KiCad Projects\V2\1800122-V2.kicad_pcb
DEBUG: board_modifier.py:89: Footprint not found
INFO: key_placer.py:979: Placing additional elements for K_18
DEBUG: board_modifier.py:132: Getting K_18 footprint position: (460390000, 65715000)
DEBUG: board_modifier.py:84: Searching for optional ST18 footprint in D:\Projects\1. KEEB\1800-122\KiCad Projects\V2\1800122-V2.kicad_pcb
DEBUG: board_modifier.py:89: Footprint not found
INFO: key_placer.py:979: Placing additional elements for K_83
DEBUG: board_modifier.py:132: Getting K_83 footprint position: (146065000, 151440000)
DEBUG: board_modifier.py:84: Searching for optional ST83 footprint in D:\Projects\1. KEEB\1800-122\KiCad Projects\V2\1800122-V2.kicad_pcb
DEBUG: board_modifier.py:89: Footprint not found
INFO: key_placer.py:979: Placing additional elements for K_25
DEBUG: board_modifier.py:132: Getting K_25 footprint position: (222265000, 84765000)
DEBUG: board_modifier.py:84: Searching for optional ST25 footprint in D:\Projects\1. KEEB\1800-122\KiCad Projects\V2\1800122-V2.kicad_pcb
DEBUG: board_modifier.py:89: Footprint not found
INFO: key_placer.py:979: Placing additional elements for K_48
DEBUG: board_modifier.py:132: Getting K_48 footprint position: (284177500, 113340000)
DEBUG: board_modifier.py:84: Searching for optional ST48 footprint in D:\Projects\1. KEEB\1800-122\KiCad Projects\V2\1800122-V2.kicad_pcb
DEBUG: board_modifier.py:89: Footprint not found
INFO: key_placer.py:979: Placing additional elements for K_50
DEBUG: board_modifier.py:132: Getting K_50 footprint position: (322277500, 113340000)
DEBUG: board_modifier.py:84: Searching for optional ST50 footprint in D:\Projects\1. KEEB\1800-122\KiCad Projects\V2\1800122-V2.kicad_pcb
DEBUG: board_modifier.py:89: Footprint not found
INFO: key_placer.py:979: Placing additional elements for K_89
DEBUG: board_modifier.py:132: Getting K_89 footprint position: (279415000, 151440000)
DEBUG: board_modifier.py:84: Searching for optional ST89 footprint in D:\Projects\1. KEEB\1800-122\KiCad Projects\V2\1800122-V2.kicad_pcb
DEBUG: board_modifier.py:89: Footprint not found
INFO: key_placer.py:979: Placing additional elements for K_14
DEBUG: board_modifier.py:132: Getting K_14 footprint position: (384190000, 65715000)
DEBUG: board_modifier.py:84: Searching for optional ST14 footprint in D:\Projects\1. KEEB\1800-122\KiCad Projects\V2\1800122-V2.kicad_pcb
DEBUG: board_modifier.py:89: Footprint not found
INFO: key_placer.py:979: Placing additional elements for K_11
DEBUG: board_modifier.py:132: Getting K_11 footprint position: (312752500, 65715000)
DEBUG: board_modifier.py:84: Searching for optional ST11 footprint in D:\Projects\1. KEEB\1800-122\KiCad Projects\V2\1800122-V2.kicad_pcb
DEBUG: board_modifier.py:89: Footprint not found
INFO: key_placer.py:979: Placing additional elements for K_117
DEBUG: board_modifier.py:132: Getting K_117 footprint position: (98440000, 189540000)
DEBUG: board_modifier.py:84: Searching for optional ST117 footprint in D:\Projects\1. KEEB\1800-122\KiCad Projects\V2\1800122-V2.kicad_pcb
DEBUG: board_modifier.py:89: Footprint not found
INFO: key_placer.py:979: Placing additional elements for K_41
DEBUG: board_modifier.py:132: Getting K_41 footprint position: (146065000, 113340000)
DEBUG: board_modifier.py:84: Searching for optional ST41 footprint in D:\Projects\1. KEEB\1800-122\KiCad Projects\V2\1800122-V2.kicad_pcb
DEBUG: board_modifier.py:89: Footprint not found
INFO: key_placer.py:979: Placing additional elements for K_111
DEBUG: board_modifier.py:132: Getting K_111 footprint position: (327040000, 170490000)
DEBUG: board_modifier.py:84: Searching for optional ST111 footprint in D:\Projects\1. KEEB\1800-122\KiCad Projects\V2\1800122-V2.kicad_pcb
DEBUG: board_modifier.py:89: Footprint not found
INFO: key_placer.py:979: Placing additional elements for K_95
DEBUG: board_modifier.py:132: Getting K_95 footprint position: (393715000, 151440000)
DEBUG: board_modifier.py:84: Searching for optional ST95 footprint in D:\Projects\1. KEEB\1800-122\KiCad Projects\V2\1800122-V2.kicad_pcb
DEBUG: board_modifier.py:89: Footprint not found
INFO: key_placer.py:979: Placing additional elements for K_51
DEBUG: board_modifier.py:132: Getting K_51 footprint position: (341327500, 113340000)
DEBUG: board_modifier.py:84: Searching for optional ST51 footprint in D:\Projects\1. KEEB\1800-122\KiCad Projects\V2\1800122-V2.kicad_pcb
DEBUG: board_modifier.py:89: Footprint not found
INFO: key_placer.py:979: Placing additional elements for K_17
DEBUG: board_modifier.py:132: Getting K_17 footprint position: (441340000, 65715000)
DEBUG: board_modifier.py:84: Searching for optional ST17 footprint in D:\Projects\1. KEEB\1800-122\KiCad Projects\V2\1800122-V2.kicad_pcb
DEBUG: board_modifier.py:89: Footprint not found
INFO: key_placer.py:979: Placing additional elements for K_49
DEBUG: board_modifier.py:132: Getting K_49 footprint position: (303227500, 113340000)
DEBUG: board_modifier.py:84: Searching for optional ST49 footprint in D:\Projects\1. KEEB\1800-122\KiCad Projects\V2\1800122-V2.kicad_pcb
DEBUG: board_modifier.py:89: Footprint not found
INFO: key_placer.py:979: Placing additional elements for K_124
DEBUG: board_modifier.py:132: Getting K_124 footprint position: (381808750, 189540000)
DEBUG: board_modifier.py:84: Searching for optional ST124 footprint in D:\Projects\1. KEEB\1800-122\KiCad Projects\V2\1800122-V2.kicad_pcb
DEBUG: board_modifier.py:89: Footprint not found
INFO: key_placer.py:979: Placing additional elements for K_60
DEBUG: board_modifier.py:132: Getting K_60 footprint position: (107965000, 132390000)
DEBUG: board_modifier.py:84: Searching for optional ST60 footprint in D:\Projects\1. KEEB\1800-122\KiCad Projects\V2\1800122-V2.kicad_pcb
DEBUG: board_modifier.py:89: Footprint not found
INFO: key_placer.py:979: Placing additional elements for K_97
DEBUG: board_modifier.py:132: Getting K_97 footprint position: (460390000, 151440000)
DEBUG: board_modifier.py:84: Searching for optional ST97 footprint in D:\Projects\1. KEEB\1800-122\KiCad Projects\V2\1800122-V2.kicad_pcb
DEBUG: board_modifier.py:89: Footprint not found
INFO: key_placer.py:979: Placing additional elements for K_58
DEBUG: board_modifier.py:132: Getting K_58 footprint position: (498490000, 113340000)
DEBUG: board_modifier.py:84: Searching for optional ST58 footprint in D:\Projects\1. KEEB\1800-122\KiCad Projects\V2\1800122-V2.kicad_pcb
DEBUG: board_modifier.py:89: Footprint not found
INFO: key_placer.py:979: Placing additional elements for K_44
DEBUG: board_modifier.py:132: Getting K_44 footprint position: (207977500, 113340000)
DEBUG: board_modifier.py:84: Searching for optional ST44 footprint in D:\Projects\1. KEEB\1800-122\KiCad Projects\V2\1800122-V2.kicad_pcb
DEBUG: board_modifier.py:89: Footprint not found
INFO: key_placer.py:979: Placing additional elements for K_8
DEBUG: board_modifier.py:132: Getting K_8 footprint position: (255602500, 65715000)
DEBUG: board_modifier.py:84: Searching for optional ST8 footprint in D:\Projects\1. KEEB\1800-122\KiCad Projects\V2\1800122-V2.kicad_pcb
DEBUG: board_modifier.py:89: Footprint not found
INFO: key_placer.py:979: Placing additional elements for K_34
DEBUG: board_modifier.py:132: Getting K_34 footprint position: (422290000, 84765000)
DEBUG: board_modifier.py:84: Searching for optional ST34 footprint in D:\Projects\1. KEEB\1800-122\KiCad Projects\V2\1800122-V2.kicad_pcb
DEBUG: board_modifier.py:89: Footprint not found
INFO: key_placer.py:979: Placing additional elements for K_113
DEBUG: board_modifier.py:132: Getting K_113 footprint position: (365140000, 170490000)
DEBUG: board_modifier.py:84: Searching for optional ST113 footprint in D:\Projects\1. KEEB\1800-122\KiCad Projects\V2\1800122-V2.kicad_pcb
DEBUG: board_modifier.py:89: Footprint not found
INFO: key_placer.py:979: Placing additional elements for K_52
DEBUG: board_modifier.py:132: Getting K_52 footprint position: (360377500, 113340000)
DEBUG: board_modifier.py:84: Searching for optional ST52 footprint in D:\Projects\1. KEEB\1800-122\KiCad Projects\V2\1800122-V2.kicad_pcb
DEBUG: board_modifier.py:89: Footprint not found
INFO: key_placer.py:979: Placing additional elements for K_63
DEBUG: board_modifier.py:132: Getting K_63 footprint position: (174640000, 132390000)
DEBUG: board_modifier.py:84: Searching for optional ST63 footprint in D:\Projects\1. KEEB\1800-122\KiCad Projects\V2\1800122-V2.kicad_pcb
DEBUG: board_modifier.py:89: Footprint not found
INFO: key_placer.py:979: Placing additional elements for K_99
DEBUG: board_modifier.py:132: Getting K_99 footprint position: (498490000, 151440000)
DEBUG: board_modifier.py:84: Searching for optional ST99 footprint in D:\Projects\1. KEEB\1800-122\KiCad Projects\V2\1800122-V2.kicad_pcb
DEBUG: board_modifier.py:89: Footprint not found
INFO: key_placer.py:979: Placing additional elements for K_59
DEBUG: board_modifier.py:132: Getting K_59 footprint position: (88915000, 132390000)
DEBUG: board_modifier.py:84: Searching for optional ST59 footprint in D:\Projects\1. KEEB\1800-122\KiCad Projects\V2\1800122-V2.kicad_pcb
DEBUG: board_modifier.py:89: Footprint not found
INFO: key_placer.py:979: Placing additional elements for K_71
DEBUG: board_modifier.py:132: Getting K_71 footprint position: (331802500, 132390000)
DEBUG: board_modifier.py:84: Searching for optional ST71 footprint in D:\Projects\1. KEEB\1800-122\KiCad Projects\V2\1800122-V2.kicad_pcb
DEBUG: board_modifier.py:89: Footprint not found
INFO: key_placer.py:979: Placing additional elements for K_22
DEBUG: board_modifier.py:132: Getting K_22 footprint position: (165115000, 84765000)
DEBUG: board_modifier.py:84: Searching for optional ST22 footprint in D:\Projects\1. KEEB\1800-122\KiCad Projects\V2\1800122-V2.kicad_pcb
DEBUG: board_modifier.py:89: Footprint not found
INFO: key_placer.py:979: Placing additional elements for K_47
DEBUG: board_modifier.py:132: Getting K_47 footprint position: (265127500, 113340000)
DEBUG: board_modifier.py:84: Searching for optional ST47 footprint in D:\Projects\1. KEEB\1800-122\KiCad Projects\V2\1800122-V2.kicad_pcb
DEBUG: board_modifier.py:89: Footprint not found
INFO: key_placer.py:979: Placing additional elements for K_105
DEBUG: board_modifier.py:132: Getting K_105 footprint position: (212740000, 170490000)
DEBUG: board_modifier.py:84: Searching for optional ST105 footprint in D:\Projects\1. KEEB\1800-122\KiCad Projects\V2\1800122-V2.kicad_pcb
DEBUG: board_modifier.py:89: Footprint not found
INFO: key_placer.py:979: Placing additional elements for K_4
DEBUG: board_modifier.py:132: Getting K_4 footprint position: (165115000, 65715000)
DEBUG: board_modifier.py:84: Searching for optional ST4 footprint in D:\Projects\1. KEEB\1800-122\KiCad Projects\V2\1800122-V2.kicad_pcb
DEBUG: board_modifier.py:89: Footprint not found
INFO: key_placer.py:979: Placing additional elements for K_115
DEBUG: board_modifier.py:132: Getting K_115 footprint position: (415146250, 170490000)
DEBUG: board_modifier.py:84: Searching for optional ST115 footprint in D:\Projects\1. KEEB\1800-122\KiCad Projects\V2\1800122-V2.kicad_pcb
DEBUG: board_modifier.py:89: Footprint not found
INFO: key_placer.py:979: Placing additional elements for K_88
DEBUG: board_modifier.py:132: Getting K_88 footprint position: (260365000, 151440000)
DEBUG: board_modifier.py:84: Searching for optional ST88 footprint in D:\Projects\1. KEEB\1800-122\KiCad Projects\V2\1800122-V2.kicad_pcb
DEBUG: board_modifier.py:89: Footprint not found
INFO: key_placer.py:979: Placing additional elements for K_78
DEBUG: board_modifier.py:132: Getting K_78 footprint position: (479440000, 132390000)
DEBUG: board_modifier.py:84: Searching for optional ST78 footprint in D:\Projects\1. KEEB\1800-122\KiCad Projects\V2\1800122-V2.kicad_pcb
DEBUG: board_modifier.py:89: Footprint not found
INFO: key_placer.py:979: Placing additional elements for K_54
DEBUG: board_modifier.py:132: Getting K_54 footprint position: (398477500, 113340000)
DEBUG: board_modifier.py:84: Searching for optional ST54 footprint in D:\Projects\1. KEEB\1800-122\KiCad Projects\V2\1800122-V2.kicad_pcb
DEBUG: board_modifier.py:89: Footprint not found
INFO: key_placer.py:979: Placing additional elements for K_98
DEBUG: board_modifier.py:132: Getting K_98 footprint position: (479440000, 151440000)
DEBUG: board_modifier.py:84: Searching for optional ST98 footprint in D:\Projects\1. KEEB\1800-122\KiCad Projects\V2\1800122-V2.kicad_pcb
DEBUG: board_modifier.py:89: Footprint not found
INFO: key_placer.py:979: Placing additional elements for K_30
DEBUG: board_modifier.py:132: Getting K_30 footprint position: (331802500, 84765000)
DEBUG: board_modifier.py:84: Searching for optional ST30 footprint in D:\Projects\1. KEEB\1800-122\KiCad Projects\V2\1800122-V2.kicad_pcb
DEBUG: board_modifier.py:89: Footprint not found
INFO: key_placer.py:979: Placing additional elements for K_20
DEBUG: board_modifier.py:132: Getting K_20 footprint position: (127015000, 84765000)
DEBUG: board_modifier.py:84: Searching for optional ST20 footprint in D:\Projects\1. KEEB\1800-122\KiCad Projects\V2\1800122-V2.kicad_pcb
DEBUG: board_modifier.py:89: Footprint not found
INFO: key_placer.py:979: Placing additional elements for K_24
DEBUG: board_modifier.py:132: Getting K_24 footprint position: (203215000, 84765000)
DEBUG: board_modifier.py:84: Searching for optional ST24 footprint in D:\Projects\1. KEEB\1800-122\KiCad Projects\V2\1800122-V2.kicad_pcb
DEBUG: board_modifier.py:89: Footprint not found
INFO: key_placer.py:979: Placing additional elements for K_29
DEBUG: board_modifier.py:132: Getting K_29 footprint position: (312752500, 84765000)
DEBUG: board_modifier.py:84: Searching for optional ST29 footprint in D:\Projects\1. KEEB\1800-122\KiCad Projects\V2\1800122-V2.kicad_pcb
DEBUG: board_modifier.py:89: Footprint not found
INFO: key_placer.py:979: Placing additional elements for K_91
DEBUG: board_modifier.py:132: Getting K_91 footprint position: (317515000, 151440000)
DEBUG: board_modifier.py:84: Searching for optional ST91 footprint in D:\Projects\1. KEEB\1800-122\KiCad Projects\V2\1800122-V2.kicad_pcb
DEBUG: board_modifier.py:89: Footprint not found
INFO: key_placer.py:979: Placing additional elements for K_55
DEBUG: board_modifier.py:132: Getting K_55 footprint position: (427052500, 113340000)
DEBUG: board_modifier.py:84: Searching for optional ST55 footprint in D:\Projects\1. KEEB\1800-122\KiCad Projects\V2\1800122-V2.kicad_pcb
DEBUG: board_modifier.py:89: Footprint not found
INFO: key_placer.py:979: Placing additional elements for K_37
DEBUG: board_modifier.py:132: Getting K_37 footprint position: (479440000, 84765000)
DEBUG: board_modifier.py:84: Searching for optional ST37 footprint in D:\Projects\1. KEEB\1800-122\KiCad Projects\V2\1800122-V2.kicad_pcb
DEBUG: board_modifier.py:89: Footprint not found
INFO: key_placer.py:979: Placing additional elements for K_65
DEBUG: board_modifier.py:132: Getting K_65 footprint position: (217502500, 132390000)
DEBUG: board_modifier.py:84: Searching for optional ST65 footprint in D:\Projects\1. KEEB\1800-122\KiCad Projects\V2\1800122-V2.kicad_pcb
DEBUG: board_modifier.py:89: Footprint not found
INFO: key_placer.py:979: Placing additional elements for K_100
DEBUG: board_modifier.py:132: Getting K_100 footprint position: (88915000, 170490000)
DEBUG: board_modifier.py:84: Searching for optional ST100 footprint in D:\Projects\1. KEEB\1800-122\KiCad Projects\V2\1800122-V2.kicad_pcb
DEBUG: board_modifier.py:89: Footprint not found
INFO: key_placer.py:979: Placing additional elements for K_16
DEBUG: board_modifier.py:132: Getting K_16 footprint position: (422290000, 65715000)
DEBUG: board_modifier.py:84: Searching for optional ST16 footprint in D:\Projects\1. KEEB\1800-122\KiCad Projects\V2\1800122-V2.kicad_pcb
DEBUG: board_modifier.py:89: Footprint not found
INFO: key_placer.py:979: Placing additional elements for K_120
DEBUG: board_modifier.py:132: Getting K_120 footprint position: (196071250, 189540000)
DEBUG: board_modifier.py:84: Searching for optional ST120 footprint in D:\Projects\1. KEEB\1800-122\KiCad Projects\V2\1800122-V2.kicad_pcb
DEBUG: board_modifier.py:89: Footprint not found
INFO: key_placer.py:979: Placing additional elements for K_116
DEBUG: board_modifier.py:132: Getting K_116 footprint position: (450865000, 175252500)
DEBUG: board_modifier.py:84: Searching for optional ST116 footprint in D:\Projects\1. KEEB\1800-122\KiCad Projects\V2\1800122-V2.kicad_pcb
DEBUG: board_modifier.py:89: Footprint not found
INFO: key_placer.py:979: Placing additional elements for K_102
DEBUG: board_modifier.py:132: Getting K_102 footprint position: (127015000, 170490000)
DEBUG: board_modifier.py:84: Searching for optional ST102 footprint in D:\Projects\1. KEEB\1800-122\KiCad Projects\V2\1800122-V2.kicad_pcb
DEBUG: board_modifier.py:89: Footprint not found
INFO: key_placer.py:979: Placing additional elements for K_107
DEBUG: board_modifier.py:132: Getting K_107 footprint position: (250840000, 170490000)
DEBUG: board_modifier.py:84: Searching for optional ST107 footprint in D:\Projects\1. KEEB\1800-122\KiCad Projects\V2\1800122-V2.kicad_pcb
DEBUG: board_modifier.py:89: Footprint not found
INFO: key_placer.py:979: Placing additional elements for K_103
DEBUG: board_modifier.py:132: Getting K_103 footprint position: (146065000, 180015000)
DEBUG: board_modifier.py:84: Searching for optional ST103 footprint in D:\Projects\1. KEEB\1800-122\KiCad Projects\V2\1800122-V2.kicad_pcb
DEBUG: board_modifier.py:89: Footprint not found
INFO: key_placer.py:979: Placing additional elements for K_10
DEBUG: board_modifier.py:132: Getting K_10 footprint position: (293702500, 65715000)
DEBUG: board_modifier.py:84: Searching for optional ST10 footprint in D:\Projects\1. KEEB\1800-122\KiCad Projects\V2\1800122-V2.kicad_pcb
DEBUG: board_modifier.py:89: Footprint not found
INFO: key_placer.py:979: Placing additional elements for K_75
DEBUG: board_modifier.py:132: Getting K_75 footprint position: (408002500, 132390000)
DEBUG: board_modifier.py:84: Searching for optional ST75 footprint in D:\Projects\1. KEEB\1800-122\KiCad Projects\V2\1800122-V2.kicad_pcb
DEBUG: board_modifier.py:89: Footprint not found
INFO: key_placer.py:979: Placing additional elements for K_123
DEBUG: board_modifier.py:132: Getting K_123 footprint position: (310371250, 189540000)
DEBUG: board_modifier.py:84: Searching for optional ST123 footprint in D:\Projects\1. KEEB\1800-122\KiCad Projects\V2\1800122-V2.kicad_pcb
DEBUG: board_modifier.py:89: Footprint not found
INFO: key_placer.py:979: Placing additional elements for K_72
DEBUG: board_modifier.py:132: Getting K_72 footprint position: (350852500, 132390000)
DEBUG: board_modifier.py:84: Searching for optional ST72 footprint in D:\Projects\1. KEEB\1800-122\KiCad Projects\V2\1800122-V2.kicad_pcb
DEBUG: board_modifier.py:89: Footprint not found
INFO: key_placer.py:979: Placing additional elements for K_13
DEBUG: board_modifier.py:132: Getting K_13 footprint position: (350852500, 65715000)
DEBUG: board_modifier.py:84: Searching for optional ST13 footprint in D:\Projects\1. KEEB\1800-122\KiCad Projects\V2\1800122-V2.kicad_pcb
DEBUG: board_modifier.py:89: Footprint not found
INFO: key_placer.py:979: Placing additional elements for K_61
DEBUG: board_modifier.py:132: Getting K_61 footprint position: (127015000, 132390000)
DEBUG: board_modifier.py:84: Searching for optional ST61 footprint in D:\Projects\1. KEEB\1800-122\KiCad Projects\V2\1800122-V2.kicad_pcb
DEBUG: board_modifier.py:89: Footprint not found
INFO: key_placer.py:979: Placing additional elements for K_108
DEBUG: board_modifier.py:132: Getting K_108 footprint position: (269890000, 170490000)
DEBUG: board_modifier.py:84: Searching for optional ST108 footprint in D:\Projects\1. KEEB\1800-122\KiCad Projects\V2\1800122-V2.kicad_pcb
DEBUG: board_modifier.py:89: Footprint not found
INFO: key_placer.py:979: Placing additional elements for K_33
DEBUG: board_modifier.py:132: Getting K_33 footprint position: (403240000, 84765000)
DEBUG: board_modifier.py:84: Searching for optional ST33 footprint in D:\Projects\1. KEEB\1800-122\KiCad Projects\V2\1800122-V2.kicad_pcb
DEBUG: board_modifier.py:89: Footprint not found
INFO: key_placer.py:979: Placing additional elements for K_32
DEBUG: board_modifier.py:132: Getting K_32 footprint position: (384190000, 84765000)
DEBUG: board_modifier.py:84: Searching for optional ST32 footprint in D:\Projects\1. KEEB\1800-122\KiCad Projects\V2\1800122-V2.kicad_pcb
DEBUG: board_modifier.py:89: Footprint not found
INFO: key_placer.py:979: Placing additional elements for K_67
DEBUG: board_modifier.py:132: Getting K_67 footprint position: (255602500, 132390000)
DEBUG: board_modifier.py:84: Searching for optional ST67 footprint in D:\Projects\1. KEEB\1800-122\KiCad Projects\V2\1800122-V2.kicad_pcb
DEBUG: board_modifier.py:89: Footprint not found
INFO: key_placer.py:979: Placing additional elements for K_27
DEBUG: board_modifier.py:132: Getting K_27 footprint position: (274652500, 84765000)
DEBUG: board_modifier.py:84: Searching for optional ST27 footprint in D:\Projects\1. KEEB\1800-122\KiCad Projects\V2\1800122-V2.kicad_pcb
DEBUG: board_modifier.py:89: Footprint not found
INFO: key_placer.py:979: Placing additional elements for K_56
DEBUG: board_modifier.py:132: Getting K_56 footprint position: (460390000, 113340000)
DEBUG: board_modifier.py:84: Searching for optional ST56 footprint in D:\Projects\1. KEEB\1800-122\KiCad Projects\V2\1800122-V2.kicad_pcb
DEBUG: board_modifier.py:89: Footprint not found
INFO: key_placer.py:979: Placing additional elements for K_74
DEBUG: board_modifier.py:132: Getting K_74 footprint position: (388952500, 132390000)
DEBUG: board_modifier.py:84: Searching for optional ST74 footprint in D:\Projects\1. KEEB\1800-122\KiCad Projects\V2\1800122-V2.kicad_pcb
DEBUG: board_modifier.py:89: Footprint not found
INFO: key_placer.py:979: Placing additional elements for K_127
DEBUG: board_modifier.py:132: Getting K_127 footprint position: (450865000, 194302500)
DEBUG: board_modifier.py:84: Searching for optional ST127 footprint in D:\Projects\1. KEEB\1800-122\KiCad Projects\V2\1800122-V2.kicad_pcb
DEBUG: board_modifier.py:89: Footprint not found
INFO: key_placer.py:979: Placing additional elements for K_104
DEBUG: board_modifier.py:132: Getting K_104 footprint position: (181783750, 170490000)
DEBUG: board_modifier.py:84: Searching for optional ST104 footprint in D:\Projects\1. KEEB\1800-122\KiCad Projects\V2\1800122-V2.kicad_pcb
DEBUG: board_modifier.py:89: Footprint not found
INFO: key_placer.py:979: Placing additional elements for K_126
DEBUG: board_modifier.py:132: Getting K_126 footprint position: (431815000, 194302500)
DEBUG: board_modifier.py:84: Searching for optional ST126 footprint in D:\Projects\1. KEEB\1800-122\KiCad Projects\V2\1800122-V2.kicad_pcb
DEBUG: board_modifier.py:89: Footprint not found
INFO: key_placer.py:979: Placing additional elements for K_21
DEBUG: board_modifier.py:132: Getting K_21 footprint position: (146065000, 84765000)
DEBUG: board_modifier.py:84: Searching for optional ST21 footprint in D:\Projects\1. KEEB\1800-122\KiCad Projects\V2\1800122-V2.kicad_pcb
DEBUG: board_modifier.py:89: Footprint not found
INFO: key_placer.py:979: Placing additional elements for K_82
DEBUG: board_modifier.py:132: Getting K_82 footprint position: (127015000, 151440000)
DEBUG: board_modifier.py:84: Searching for optional ST82 footprint in D:\Projects\1. KEEB\1800-122\KiCad Projects\V2\1800122-V2.kicad_pcb
DEBUG: board_modifier.py:89: Footprint not found
INFO: key_placer.py:979: Placing additional elements for K_5
DEBUG: board_modifier.py:132: Getting K_5 footprint position: (184165000, 65715000)
DEBUG: board_modifier.py:84: Searching for optional ST5 footprint in D:\Projects\1. KEEB\1800-122\KiCad Projects\V2\1800122-V2.kicad_pcb
DEBUG: board_modifier.py:89: Footprint not found
INFO: key_placer.py:979: Placing additional elements for K_101
DEBUG: board_modifier.py:132: Getting K_101 footprint position: (107965000, 170490000)
DEBUG: board_modifier.py:84: Searching for optional ST101 footprint in D:\Projects\1. KEEB\1800-122\KiCad Projects\V2\1800122-V2.kicad_pcb
DEBUG: board_modifier.py:89: Footprint not found
INFO: key_placer.py:979: Placing additional elements for K_6
DEBUG: board_modifier.py:132: Getting K_6 footprint position: (203215000, 65715000)
DEBUG: board_modifier.py:84: Searching for optional ST6 footprint in D:\Projects\1. KEEB\1800-122\KiCad Projects\V2\1800122-V2.kicad_pcb
DEBUG: board_modifier.py:89: Footprint not found
INFO: key_placer.py:979: Placing additional elements for K_64
DEBUG: board_modifier.py:132: Getting K_64 footprint position: (198452500, 132390000)
DEBUG: board_modifier.py:84: Searching for optional ST64 footprint in D:\Projects\1. KEEB\1800-122\KiCad Projects\V2\1800122-V2.kicad_pcb
DEBUG: board_modifier.py:89: Footprint not found
INFO: key_placer.py:979: Placing additional elements for K_3
DEBUG: board_modifier.py:132: Getting K_3 footprint position: (146065000, 65715000)
DEBUG: board_modifier.py:84: Searching for optional ST3 footprint in D:\Projects\1. KEEB\1800-122\KiCad Projects\V2\1800122-V2.kicad_pcb
DEBUG: board_modifier.py:89: Footprint not found
INFO: key_placer.py:979: Placing additional elements for K_23
DEBUG: board_modifier.py:132: Getting K_23 footprint position: (184165000, 84765000)
DEBUG: board_modifier.py:84: Searching for optional ST23 footprint in D:\Projects\1. KEEB\1800-122\KiCad Projects\V2\1800122-V2.kicad_pcb
DEBUG: board_modifier.py:89: Footprint not found
INFO: key_placer.py:979: Placing additional elements for K_119
DEBUG: board_modifier.py:132: Getting K_119 footprint position: (172258750, 189540000)
DEBUG: board_modifier.py:84: Searching for optional ST119 footprint in D:\Projects\1. KEEB\1800-122\KiCad Projects\V2\1800122-V2.kicad_pcb
DEBUG: board_modifier.py:89: Footprint not found
INFO: key_placer.py:979: Placing additional elements for K_92
DEBUG: board_modifier.py:132: Getting K_92 footprint position: (336565000, 151440000)
DEBUG: board_modifier.py:84: Searching for optional ST92 footprint in D:\Projects\1. KEEB\1800-122\KiCad Projects\V2\1800122-V2.kicad_pcb
DEBUG: board_modifier.py:89: Footprint not found
INFO: key_placer.py:979: Placing additional elements for K_19
DEBUG: board_modifier.py:132: Getting K_19 footprint position: (479440000, 65715000)
DEBUG: board_modifier.py:84: Searching for optional ST19 footprint in D:\Projects\1. KEEB\1800-122\KiCad Projects\V2\1800122-V2.kicad_pcb
DEBUG: board_modifier.py:89: Footprint not found
INFO: key_placer.py:979: Placing additional elements for K_125
DEBUG: board_modifier.py:132: Getting K_125 footprint position: (405621250, 189540000)
DEBUG: board_modifier.py:84: Searching for optional ST125 footprint in D:\Projects\1. KEEB\1800-122\KiCad Projects\V2\1800122-V2.kicad_pcb
DEBUG: board_modifier.py:89: Footprint not found
INFO: key_placer.py:979: Placing additional elements for K_81
DEBUG: board_modifier.py:132: Getting K_81 footprint position: (107965000, 151440000)
DEBUG: board_modifier.py:84: Searching for optional ST81 footprint in D:\Projects\1. KEEB\1800-122\KiCad Projects\V2\1800122-V2.kicad_pcb
DEBUG: board_modifier.py:89: Footprint not found
INFO: key_placer.py:979: Placing additional elements for K_118
DEBUG: board_modifier.py:132: Getting K_118 footprint position: (127015000, 189540000)
DEBUG: board_modifier.py:84: Searching for optional ST118 footprint in D:\Projects\1. KEEB\1800-122\KiCad Projects\V2\1800122-V2.kicad_pcb
DEBUG: board_modifier.py:89: Footprint not found
INFO: key_placer.py:979: Placing additional elements for K_85
DEBUG: board_modifier.py:132: Getting K_85 footprint position: (203215000, 151440000)
DEBUG: board_modifier.py:84: Searching for optional ST85 footprint in D:\Projects\1. KEEB\1800-122\KiCad Projects\V2\1800122-V2.kicad_pcb
DEBUG: board_modifier.py:89: Footprint not found
INFO: key_placer.py:979: Placing additional elements for K_87
DEBUG: board_modifier.py:132: Getting K_87 footprint position: (241315000, 151440000)
DEBUG: board_modifier.py:84: Searching for optional ST87 footprint in D:\Projects\1. KEEB\1800-122\KiCad Projects\V2\1800122-V2.kicad_pcb
DEBUG: board_modifier.py:89: Footprint not found
INFO: key_placer.py:979: Placing additional elements for K_94
DEBUG: board_modifier.py:132: Getting K_94 footprint position: (374665000, 151440000)
DEBUG: board_modifier.py:84: Searching for optional ST94 footprint in D:\Projects\1. KEEB\1800-122\KiCad Projects\V2\1800122-V2.kicad_pcb
DEBUG: board_modifier.py:89: Footprint not found
INFO: key_placer.py:979: Placing additional elements for K_39
DEBUG: board_modifier.py:132: Getting K_39 footprint position: (107965000, 113340000)
DEBUG: board_modifier.py:84: Searching for optional ST39 footprint in D:\Projects\1. KEEB\1800-122\KiCad Projects\V2\1800122-V2.kicad_pcb
DEBUG: board_modifier.py:89: Footprint not found
INFO: key_placer.py:979: Placing additional elements for K_1
DEBUG: board_modifier.py:132: Getting K_1 footprint position: (88915000, 65715000)
DEBUG: board_modifier.py:84: Searching for optional ST1 footprint in D:\Projects\1. KEEB\1800-122\KiCad Projects\V2\1800122-V2.kicad_pcb
DEBUG: board_modifier.py:89: Footprint not found
INFO: key_placer.py:979: Placing additional elements for K_43
DEBUG: board_modifier.py:132: Getting K_43 footprint position: (188927500, 113340000)
DEBUG: board_modifier.py:84: Searching for optional ST43 footprint in D:\Projects\1. KEEB\1800-122\KiCad Projects\V2\1800122-V2.kicad_pcb
DEBUG: board_modifier.py:89: Footprint not found
INFO: key_placer.py:979: Placing additional elements for K_122
DEBUG: board_modifier.py:132: Getting K_122 footprint position: (241315000, 189540000)
DEBUG: board_modifier.py:84: Searching for optional ST122 footprint in D:\Projects\1. KEEB\1800-122\KiCad Projects\V2\1800122-V2.kicad_pcb
DEBUG: board_modifier.py:89: Footprint not found
INFO: key_placer.py:979: Placing additional elements for K_80
DEBUG: board_modifier.py:132: Getting K_80 footprint position: (88915000, 151440000)
DEBUG: board_modifier.py:84: Searching for optional ST80 footprint in D:\Projects\1. KEEB\1800-122\KiCad Projects\V2\1800122-V2.kicad_pcb
DEBUG: board_modifier.py:89: Footprint not found
INFO: key_placer.py:979: Placing additional elements for K_57
DEBUG: board_modifier.py:132: Getting K_57 footprint position: (479440000, 113340000)
DEBUG: board_modifier.py:84: Searching for optional ST57 footprint in D:\Projects\1. KEEB\1800-122\KiCad Projects\V2\1800122-V2.kicad_pcb
DEBUG: board_modifier.py:89: Footprint not found
INFO: key_placer.py:979: Placing additional elements for K_128
DEBUG: board_modifier.py:132: Getting K_128 footprint position: (469915000, 194302500)
DEBUG: board_modifier.py:84: Searching for optional ST128 footprint in D:\Projects\1. KEEB\1800-122\KiCad Projects\V2\1800122-V2.kicad_pcb
DEBUG: board_modifier.py:89: Footprint not found
INFO: key_placer.py:979: Placing additional elements for K_110
DEBUG: board_modifier.py:132: Getting K_110 footprint position: (307990000, 170490000)
DEBUG: board_modifier.py:84: Searching for optional ST110 footprint in D:\Projects\1. KEEB\1800-122\KiCad Projects\V2\1800122-V2.kicad_pcb
DEBUG: board_modifier.py:89: Footprint not found
INFO: key_placer.py:979: Placing additional elements for K_76
DEBUG: board_modifier.py:132: Getting K_76 footprint position: (431815000, 132390000)
DEBUG: board_modifier.py:84: Searching for optional ST76 footprint in D:\Projects\1. KEEB\1800-122\KiCad Projects\V2\1800122-V2.kicad_pcb
DEBUG: board_modifier.py:89: Footprint not found
INFO: key_placer.py:979: Placing additional elements for K_70
DEBUG: board_modifier.py:132: Getting K_70 footprint position: (312752500, 132390000)
DEBUG: board_modifier.py:84: Searching for optional ST70 footprint in D:\Projects\1. KEEB\1800-122\KiCad Projects\V2\1800122-V2.kicad_pcb
DEBUG: board_modifier.py:89: Footprint not found
INFO: key_placer.py:979: Placing additional elements for K_28
DEBUG: board_modifier.py:132: Getting K_28 footprint position: (293702500, 84765000)
DEBUG: board_modifier.py:84: Searching for optional ST28 footprint in D:\Projects\1. KEEB\1800-122\KiCad Projects\V2\1800122-V2.kicad_pcb
DEBUG: board_modifier.py:89: Footprint not found
INFO: key_placer.py:979: Placing additional elements for K_121
DEBUG: board_modifier.py:132: Getting K_121 footprint position: (219883750, 189540000)
DEBUG: board_modifier.py:84: Searching for optional ST121 footprint in D:\Projects\1. KEEB\1800-122\KiCad Projects\V2\1800122-V2.kicad_pcb
DEBUG: board_modifier.py:89: Footprint not found
INFO: key_placer.py:979: Placing additional elements for K_69
DEBUG: board_modifier.py:132: Getting K_69 footprint position: (293702500, 132390000)
DEBUG: board_modifier.py:84: Searching for optional ST69 footprint in D:\Projects\1. KEEB\1800-122\KiCad Projects\V2\1800122-V2.kicad_pcb
DEBUG: board_modifier.py:89: Footprint not found
INFO: key_placer.py:979: Placing additional elements for K_42
DEBUG: board_modifier.py:132: Getting K_42 footprint position: (169877500, 113340000)
DEBUG: board_modifier.py:84: Searching for optional ST42 footprint in D:\Projects\1. KEEB\1800-122\KiCad Projects\V2\1800122-V2.kicad_pcb
DEBUG: board_modifier.py:89: Footprint not found
